
Hexadecimal

Area                               Addr   Size   Decimal Bytes (Attributes)
--------------------------------   ----   ----   ------- ----- ------------
.  .ABS.                           0000   0000 =      0. bytes (ABS,CON)

      Value  Global
   --------  --------------------------------
     0000    l_BIT_BANK
     0000    l_GSINIT
     0000    l_GSINIT1
     0000    l_GSINIT5
     0000    l_ISEG
     0000    l_PSEG
     0000    l_REG_BANK_1
     0000    l_REG_BANK_2
     0000    l_REG_BANK_3
     0000    l_RSEG
     0000    l_XINIT
     0000    l_XISEG
     0000    l__CODE
     0000    s_BSEG
     0000    s_DSEG
     0000    s_HOME
     0000    s_PSEG
     0000    s_REG_BANK_0
     0000    s_XSEG
     0000    s__CODE
     0002    l_BSEG_BYTES
     0003    l_GSFINAL
     0003    l_GSINIT0
     0006    l_OSEG
     0008    l_REG_BANK_0
     0008    s_REG_BANK_1
     000A    l_GSINIT2
     000B    l_BSEG
     0010    s_REG_BANK_2
     0014    s_OSEG
     0018    s_REG_BANK_3
     0020    s_BSEG_BYTES
     0022    l_GSINIT3
     0022    s_BIT_BANK
     0022    s_RSEG
     0022    s_SSEG
     002A    l_GSINIT4
     004E    l_HOME
     004E    s_GSINIT0
     0051    s_GSINIT1
     0051    s_GSINIT2
     005B    s_GSINIT3
     007A    l_DSEG
     007D    s_GSINIT4
     0080    _P0
     0080    _P0_0
     0080    s_ISEG
     0081    _P0_1
     0081    _SP
     0082    _DP0L
     0082    _DPL
     0082    _P0_2
     0083    _DP0H
     0083    _DPH
     0083    _P0_3
     0084    _P0_4
     0085    _P0_5
     0086    _P0_6
     0087    _P0_7
     0087    _PCON
     0088    _IT0
     0088    _TCON
     0089    _IE0
     0089    _TMOD
     008A    _IT1
     008A    _TL0
     008B    _IE1
     008B    _TL1
     008C    _TH0
     008C    _TR0
     008D    _TF0
     008D    _TH1
     008E    _AUXR
     008E    _TR1
     008F    _CKCKON0
     008F    _CKCKON1
     008F    _TF1
     0090    _P1
     0090    _P1_0
     0091    _P1_1
     0092    _P1_2
     0093    _P1_3
     0094    _P1_4
     0095    _P1_5
     0096    _P1_6
     0097    _CKRL
     0097    _P1_7
     0098    _RI
     0098    _SCON
     0099    _SBUF
     0099    _SBUF0
     0099    _TI
     009A    _BRL
     009A    _RB8
     009B    _BDRCON
     009B    _TB8
     009C    _KBLS
     009C    _REN
     009D    _KBE
     009D    _SM2
     009E    _KBF
     009E    _SM1
     009F    _SM0
     00A0    _P2
     00A0    _P2_0
     00A0    __XPAGE
     00A1    _P2_1
     00A2    _AUXR1
     00A2    _P2_2
     00A3    _P2_3
     00A4    _P2_4
     00A5    _P2_5
     00A6    _P2_6
     00A6    _WDTRST
     00A7    _P2_7
     00A7    _WDTPRG
     00A7    s_GSFINAL
     00A7    s_GSINIT
     00A7    s_GSINIT5
     00A8    _EX0
     00A8    _IE
     00A8    _IEN0
     00A9    _ET0
     00A9    _SADDR
     00AA    _EX1
     00AA    s_CSEG
     00AB    _ET1
     00AC    _ES
     00AD    _ET2
     00AE    _EC
     00AF    _EA
     00B0    _P3
     00B0    _P3_0
     00B0    _RXD
     00B0    _RXD0
     00B1    _IEN1
     00B1    _P3_1
     00B1    _TXD
     00B1    _TXD0
     00B2    _INT0
     00B2    _IPL1
     00B2    _P3_2
     00B3    _INT1
     00B3    _IPH1
     00B3    _P3_3
     00B4    _P3_4
     00B4    _T0
     00B5    _P3_5
     00B5    _T1
     00B6    _P3_6
     00B6    _WR
     00B7    _IPH0
     00B7    _P3_7
     00B7    _RD
     00B8    _IP
     00B8    _IPL0
     00B8    _PX0
     00B8    _PX0L
     00B9    _PT0
     00B9    _PT0L
     00B9    _SADEN
     00BA    _PX1
     00BA    _PX1L
     00BB    _PT1
     00BB    _PT1L
     00BC    _PLS
     00BC    _PS
     00BD    _PT2
     00BD    _PT2L
     00BE    _PPCL
     00C0    _P4
     00C0    _P4_0
     00C1    _P4_1
     00C2    _P4_2
     00C3    _P4_3
     00C3    _SPCON
     00C4    _P4_4
     00C4    _SPSTA
     00C5    _P4_5
     00C5    _SPDAT
     00C6    _P4_6
     00C7    _P4_7
     00C8    _CP_RL2
     00C8    _T2CON
     00C8    _T2CON_0
     00C9    _C_T2
     00C9    _T2CON_1
     00C9    _T2MOD
     00CA    _RCAP2L
     00CA    _T2CON_2
     00CA    _TR2
     00CB    _EXEN2
     00CB    _RCAP2H
     00CB    _T2CON_3
     00CC    _T2CON_4
     00CC    _TCLK
     00CC    _TL2
     00CD    _RCLK
     00CD    _T2CON_5
     00CD    _TH2
     00CE    _EXF2
     00CE    _T2CON_6
     00CF    _T2CON_7
     00CF    _TF2
     00D0    _P
     00D0    _PSW
     00D1    _F1
     00D2    _EECON
     00D2    _OV
     00D3    _RS0
     00D4    _RS1
     00D5    _F0
     00D5    l_XSEG
     00D5    s_XISEG
     00D6    _AC
     00D7    _CY
     00D8    _CCF0
     00D8    _CCON
     00D8    _P5
     00D8    _P5_0
     00D9    _CCF1
     00D9    _CMOD
     00D9    _P5_1
     00DA    _CCAPM0
     00DA    _CCF2
     00DA    _P5_2
     00DB    _CCAPM1
     00DB    _CCF3
     00DB    _P5_3
     00DC    _CCAPM2
     00DC    _CCF4
     00DC    _P5_4
     00DD    _CCAPM3
     00DD    _P5_5
     00DE    _CCAPM4
     00DE    _CR
     00DE    _P5_6
     00DE    l_SSEG
     00DF    _CF
     00DF    _P5_7
     00E0    _ACC
     00E9    _CL
     00EA    _CCAP0L
     00EB    _CCAP1L
     00EC    _CCAP2L
     00ED    _CCAP3L
     00EE    _CCAP4L
     00F0    _B
     00F0    _BREG_F0
     00F1    _BREG_F1
     00F2    _BREG_F2
     00F3    _BREG_F3
     00F4    _BREG_F4
     00F5    _BREG_F5
     00F5    _B_5
     00F6    _BREG_F6
     00F6    _B_6
     00F7    _BREG_F7
     00F7    _B_7
     00F9    _CH
     00FA    _CCAP0H
     00FB    _CCAP1H
     00FC    _CCAP2H
     00FD    _CCAP3H
     00FE    _CCAP4H
     0100    l_IRAM
     04F0    l_CONST
     2669    l_CSEG
     2713    s_CONST
     2C03    s_XINIT

Hexadecimal

Area                               Addr   Size   Decimal Bytes (Attributes)
--------------------------------   ----   ----   ------- ----- ------------
_CODE                              0000   0000 =      0. bytes (REL,CON)

Hexadecimal

Area                               Addr   Size   Decimal Bytes (Attributes)
--------------------------------   ----   ----   ------- ----- ------------
REG_BANK_0                         0000   0008 =      8. bytes (REL,OVR)

Hexadecimal

Area                               Addr   Size   Decimal Bytes (Attributes)
--------------------------------   ----   ----   ------- ----- ------------
REG_BANK_1                         0008   0000 =      0. bytes (REL,OVR)

Hexadecimal

Area                               Addr   Size   Decimal Bytes (Attributes)
--------------------------------   ----   ----   ------- ----- ------------
REG_BANK_2                         0010   0000 =      0. bytes (REL,OVR)

Hexadecimal

Area                               Addr   Size   Decimal Bytes (Attributes)
--------------------------------   ----   ----   ------- ----- ------------
REG_BANK_3                         0018   0000 =      0. bytes (REL,OVR)

Hexadecimal

Area                               Addr   Size   Decimal Bits  (Attributes)
--------------------------------   ----   ----   ------- ----- ------------
BSEG                               0000   000B =     11. bits  (REL,CON,BIT)

      Value  Global
   --------  --------------------------------
  0B:0000    _transmit_completed

Hexadecimal

Area                               Addr   Size   Decimal Bytes (Attributes)
--------------------------------   ----   ----   ------- ----- ------------
BSEG_BYTES                         0020   0002 =      2. bytes (REL,CON)

Hexadecimal

Area                               Addr   Size   Decimal Bytes (Attributes)
--------------------------------   ----   ----   ------- ----- ------------
BIT_BANK                           0022   0000 =      0. bytes (REL,OVR)

Hexadecimal

Area                               Addr   Size   Decimal Bytes (Attributes)
--------------------------------   ----   ----   ------- ----- ------------
DSEG                               0000   007A =    122. bytes (REL,CON)

      Value  Global
   --------  --------------------------------
     000E    _bp

Hexadecimal

Area                               Addr   Size   Decimal Bytes (Attributes)
--------------------------------   ----   ----   ------- ----- ------------
OSEG                               0014   0006 =      6. bytes (REL,OVR)

      Value  Global
   --------  --------------------------------
     0014    _memcpy_sloc0_1_0
     0017    _memcpy_sloc1_1_0

Hexadecimal

Area                               Addr   Size   Decimal Bytes (Attributes)
--------------------------------   ----   ----   ------- ----- ------------
ISEG                               0080   0000 =      0. bytes (REL,CON)

Hexadecimal

Area                               Addr   Size   Decimal Bytes (Attributes)
--------------------------------   ----   ----   ------- ----- ------------
SSEG                               0022   00DE =    222. bytes (REL,OVR)

      Value  Global
   --------  --------------------------------
     0022    __start__stack

Hexadecimal

Area                               Addr   Size   Decimal Bytes (Attributes)
--------------------------------   ----   ----   ------- ----- ------------
RSEG                               0022   0000 =      0. bytes (REL,CON)

Hexadecimal

Area                               Addr   Size   Decimal Bytes (Attributes)
--------------------------------   ----   ----   ------- ----- ------------
PSEG                               0000   0000 =      0. bytes (REL,CON,PAG,XDATA)

Hexadecimal

Area                               Addr   Size   Decimal Bytes (Attributes)
--------------------------------   ----   ----   ------- ----- ------------
XSEG                               0000   00D5 =    213. bytes (REL,CON,XDATA)

      Value  Global
   --------  --------------------------------
  0D:0000    _CDAT1
  0D:0001    _CDAT2
  0D:0002    _COM
  0D:0003    _DAT
  0D:0004    _DAT_R
  0D:0005    _CLR1
  0D:0006    _CLR2
  0D:000C    _glcd_gotoxy_PARM_2
  0D:0032    _serial_data
  0D:0033    _data_save
  0D:0034    _filenm
  0D:0037    _filesiz
  0D:003A    _buff
  0D:003C    _tempbuf
  0D:003E    _fsz
  0D:0048    _sd_copy_PARM_2
  0D:0064    _sd_single_write_PARM_2
  0D:0075    _sd_multiple_read_PARM_2
  0D:008D    _memcpy_PARM_2
  0D:0090    _memcpy_PARM_3
  0D:0095    _memset_PARM_2
  0D:0096    _memset_PARM_3
  0D:009B    __gptrput_PARM_2
  0D:009C    __mulint_PARM_2
  0D:009E    __modsint_PARM_2
  0D:00A2    __moduint_PARM_2
  0D:00A7    _vprintf_PARM_2
  0D:00BB    __print_format_PARM_2
  0D:00BE    __print_format_PARM_3
  0D:00C1    __print_format_PARM_4

Hexadecimal

Area                               Addr   Size   Decimal Bytes (Attributes)
--------------------------------   ----   ----   ------- ----- ------------
XISEG                              00D5   0000 =      0. bytes (REL,CON,XDATA)

Hexadecimal

Area                               Addr   Size   Decimal Bytes (Attributes)
--------------------------------   ----   ----   ------- ----- ------------
HOME                               0000   004E =     78. bytes (REL,CON,CODE)

Hexadecimal

Area                               Addr   Size   Decimal Bytes (Attributes)
--------------------------------   ----   ----   ------- ----- ------------
GSINIT0                            004E   0003 =      3. bytes (REL,CON,CODE)

      Value  Global
   --------  --------------------------------
  0C:004E    __sdcc_gsinit_startup

Hexadecimal

Area                               Addr   Size   Decimal Bytes (Attributes)
--------------------------------   ----   ----   ------- ----- ------------
GSINIT1                            0051   0000 =      0. bytes (REL,CON,CODE)

Hexadecimal

Area                               Addr   Size   Decimal Bytes (Attributes)
--------------------------------   ----   ----   ------- ----- ------------
GSINIT2                            0051   000A =     10. bytes (REL,CON,CODE)

Hexadecimal

Area                               Addr   Size   Decimal Bytes (Attributes)
--------------------------------   ----   ----   ------- ----- ------------
GSINIT3                            005B   0022 =     34. bytes (REL,CON,CODE)

      Value  Global
   --------  --------------------------------
  0C:005B    __mcs51_genXINIT

Hexadecimal

Area                               Addr   Size   Decimal Bytes (Attributes)
--------------------------------   ----   ----   ------- ----- ------------
GSINIT4                            007D   002A =     42. bytes (REL,CON,CODE)

      Value  Global
   --------  --------------------------------
  0C:007D    __mcs51_genRAMCLEAR
  0C:0083    __mcs51_genXRAMCLEAR

Hexadecimal

Area                               Addr   Size   Decimal Bytes (Attributes)
--------------------------------   ----   ----   ------- ----- ------------
GSINIT5                            00A7   0000 =      0. bytes (REL,CON,CODE)

Hexadecimal

Area                               Addr   Size   Decimal Bytes (Attributes)
--------------------------------   ----   ----   ------- ----- ------------
GSINIT                             00A7   0000 =      0. bytes (REL,CON,CODE)

Hexadecimal

Area                               Addr   Size   Decimal Bytes (Attributes)
--------------------------------   ----   ----   ------- ----- ------------
GSFINAL                            00A7   0003 =      3. bytes (REL,CON,CODE)

Hexadecimal

Area                               Addr   Size   Decimal Bytes (Attributes)
--------------------------------   ----   ----   ------- ----- ------------
CSEG                               00AA   2669 =   9833. bytes (REL,CON,CODE)

      Value  Global
   --------  --------------------------------
  0C:00AA    _glcd_putch
  0C:00C4    _glcd_init
  0C:016F    _delay_lcd
  0C:01A2    _wrcom
  0C:01D2    _busycheck
  0C:01EC    _busycheck3
  0C:0200    _rddat
  0C:0214    _wrcom1
  0C:022B    _wrdat
  0C:0242    _clrscr
  0C:02D5    _glcd_gotoxy
  0C:030E    _glcd_putstr
  0C:0393    _glcd_format
  0C:0448    __sdcc_program_startup
  0C:044D    __sdcc_external_startup
  0C:0457    _main
  0C:097F    _int_SPI
  0C:09F6    _spi_init
  0C:0A02    _fetch_data
  0C:0E00    _fileopen
  0C:0F01    _fileread
  0C:0F91    _getfilename
  0C:10A1    _sd_copy
  0C:1114    _sd_init
  0C:1277    _sd_single_read_glcd
  0C:1364    _sd_single_read
  0C:159C    _sd_single_write
  0C:165F    _sd_block_write
  0C:173B    _sd_multiple_read
  0C:19A2    _sd_stop_transmission
  0C:19EE    _wait_tx_end
  0C:19F7    _delay
  0C:1A2A    _serinit
  0C:1A38    _putstr
  0C:1AA8    _putchar
  0C:1ABA    _getchar
  0C:1AC4    _memcpy
  0C:1B3A    _memset
  0C:1B92    __gptrput
  0C:1BAB    _printf_tiny
  0C:1CB3    __mulint
  0C:1CD3    __modsint
  0C:1D41    __moduint
  0C:1DFC    _vprintf
  0C:1E3B    _printf
  0C:1F54    __print_format
  0C:2687    _strlen
  0C:26DA    __gptrget
  0C:26F6    _islower

Hexadecimal

Area                               Addr   Size   Decimal Bytes (Attributes)
--------------------------------   ----   ----   ------- ----- ------------
CONST                              2713   04F0 =   1264. bytes (REL,CON,CODE)

Hexadecimal

Area                               Addr   Size   Decimal Bytes (Attributes)
--------------------------------   ----   ----   ------- ----- ------------
XINIT                              2C03   0000 =      0. bytes (REL,CON,CODE)
ASxxxx Linker V01.70 + NoICE + SDCC Feb 1999,  page 1.

Files Linked      [ module(s) ]

obj\Release\glcddriver.rel
obj\Release\main.rel
obj\Release\sdcdriver.rel
obj\Release\serialinit.rel

Libraries Linked            [   object  file   ]

C:\Program Files\SDCC\bin\..\lib\large/mcs51.lib    [     crtclear.rel ]
C:\Program Files\SDCC\bin\..\lib\large/libsdcc.lib    [          _memcpy ]
C:\Program Files\SDCC\bin\..\lib\large/libsdcc.lib    [          _memset ]
C:\Program Files\SDCC\bin\..\lib\large/mcs51.lib    [     crtxinit.rel ]
C:\Program Files\SDCC\bin\..\lib\large/libsdcc.lib    [         _gptrput ]
C:\Program Files\SDCC\bin\..\lib\large/libsdcc.lib    [      printf_tiny ]
C:\Program Files\SDCC\bin\..\lib\large/libint.lib    [          _mulint ]
C:\Program Files\SDCC\bin\..\lib\large/libint.lib    [         _modsint ]
C:\Program Files\SDCC\bin\..\lib\large/libint.lib    [         _moduint ]
C:\Program Files\SDCC\bin\..\lib\large/mcs51.lib    [    crtxclear.rel ]
C:\Program Files\SDCC\bin\..\lib\large/libsdcc.lib    [              _bp ]
C:\Program Files\SDCC\bin\..\lib\large/libsdcc.lib    [          vprintf ]
C:\Program Files\SDCC\bin\..\lib\large/libsdcc.lib    [     printf_large ]
C:\Program Files\SDCC\bin\..\lib\large/mcs51.lib    [   crtpagesfr.rel ]
C:\Program Files\SDCC\bin\..\lib\large/libsdcc.lib    [          _strlen ]
C:\Program Files\SDCC\bin\..\lib\large/mcs51.lib    [     crtstart.rel ]
C:\Program Files\SDCC\bin\..\lib\large/libsdcc.lib    [         _gptrget ]
C:\Program Files\SDCC\bin\..\lib\large/libsdcc.lib    [         _islower ]

ASxxxx Linker V01.70 + NoICE + SDCC Feb 1999,  page 2.

User Base Address Definitions

HOME = 0x0000
ISEG = 0x0080
BSEG = 0x0000

