
Hexadecimal

Area                               Addr   Size   Decimal Bytes (Attributes)
--------------------------------   ----   ----   ------- ----- ------------
.  .ABS.                           0000   0000 =      0. bytes (ABS,CON)

      Value  Global
   --------  --------------------------------
     0000    l_BIT_BANK
     0000    l_GSINIT1
     0000    l_GSINIT5
     0000    l_ISEG
     0000    l_OSEG
     0000    l_PSEG
     0000    l_REG_BANK_1
     0000    l_REG_BANK_2
     0000    l_REG_BANK_3
     0000    l_RSEG
     0000    l__CODE
     0000    s_BSEG
     0000    s_DSEG
     0000    s_HOME
     0000    s_PSEG
     0000    s_REG_BANK_0
     0000    s_XSEG
     0000    s__CODE
     0002    l_BSEG_BYTES
     0003    l_GSFINAL
     0003    l_GSINIT0
     0007    l_GSINIT
     0008    l_REG_BANK_0
     0008    s_REG_BANK_1
     000A    l_BSEG
     000A    l_GSINIT2
     0010    s_REG_BANK_2
     0011    l_XINIT
     0011    l_XISEG
     0018    s_REG_BANK_3
     0020    s_BSEG_BYTES
     0022    l_GSINIT3
     0022    s_BIT_BANK
     0022    s_OSEG
     0022    s_RSEG
     0022    s_SSEG
     002A    l_GSINIT4
     002E    l_HOME
     002E    s_GSINIT0
     0031    s_GSINIT1
     0031    s_GSINIT2
     003B    s_GSINIT3
     005D    s_GSINIT4
     0078    l_DSEG
     0080    _P0
     0080    _P0_0
     0080    s_ISEG
     0081    _P0_1
     0081    _SP
     0082    _DP0L
     0082    _DPL
     0082    _P0_2
     0083    _DP0H
     0083    _DPH
     0083    _P0_3
     0084    _P0_4
     0085    _P0_5
     0086    _P0_6
     0087    _P0_7
     0087    _PCON
     0087    s_GSINIT
     0087    s_GSINIT5
     0088    _IT0
     0088    _TCON
     0089    _IE0
     0089    _TMOD
     008A    _IT1
     008A    _TL0
     008B    _IE1
     008B    _TL1
     008C    _TH0
     008C    _TR0
     008D    _TF0
     008D    _TH1
     008E    _AUXR
     008E    _TR1
     008E    s_GSFINAL
     008F    _CKCKON0
     008F    _CKCKON1
     008F    _TF1
     0090    _P1
     0090    _P1_0
     0091    _P1_1
     0091    s_CSEG
     0092    _P1_2
     0093    _P1_3
     0094    _P1_4
     0095    _P1_5
     0096    _P1_6
     0097    _CKRL
     0097    _P1_7
     0098    _RI
     0098    _SCON
     0099    _SBUF
     0099    _SBUF0
     0099    _TI
     009A    _BRL
     009A    _RB8
     009B    _BDRCON
     009B    _TB8
     009C    _KBLS
     009C    _REN
     009D    _KBE
     009D    _SM2
     009E    _KBF
     009E    _SM1
     009F    _SM0
     00A0    _P2
     00A0    _P2_0
     00A0    __XPAGE
     00A1    _P2_1
     00A2    _AUXR1
     00A2    _P2_2
     00A3    _P2_3
     00A4    _P2_4
     00A5    _P2_5
     00A6    _P2_6
     00A6    _WDTRST
     00A7    _P2_7
     00A7    _WDTPRG
     00A8    _EX0
     00A8    _IE
     00A8    _IEN0
     00A9    _ET0
     00A9    _SADDR
     00AA    _EX1
     00AB    _ET1
     00AC    _ES
     00AD    _ET2
     00AE    _EC
     00AF    _EA
     00B0    _P3
     00B0    _P3_0
     00B0    _RXD
     00B0    _RXD0
     00B1    _IEN1
     00B1    _P3_1
     00B1    _TXD
     00B1    _TXD0
     00B2    _INT0
     00B2    _IPL1
     00B2    _P3_2
     00B3    _INT1
     00B3    _IPH1
     00B3    _P3_3
     00B4    _P3_4
     00B4    _T0
     00B5    _P3_5
     00B5    _T1
     00B6    _P3_6
     00B6    _WR
     00B7    _IPH0
     00B7    _P3_7
     00B7    _RD
     00B8    _IP
     00B8    _IPL0
     00B8    _PX0
     00B8    _PX0L
     00B9    _PT0
     00B9    _PT0L
     00B9    _SADEN
     00BA    _PX1
     00BA    _PX1L
     00BB    _PT1
     00BB    _PT1L
     00BC    _PLS
     00BC    _PS
     00BD    _PT2
     00BD    _PT2L
     00BE    _PPCL
     00C0    _P4
     00C0    _P4_0
     00C1    _P4_1
     00C2    _P4_2
     00C3    _P4_3
     00C3    _SPCON
     00C4    _P4_4
     00C4    _SPSTA
     00C5    _P4_5
     00C5    _SPDAT
     00C6    _P4_6
     00C7    _P4_7
     00C8    _CP_RL2
     00C8    _T2CON
     00C8    _T2CON_0
     00C9    _C_T2
     00C9    _T2CON_1
     00C9    _T2MOD
     00CA    _RCAP2L
     00CA    _T2CON_2
     00CA    _TR2
     00CB    _EXEN2
     00CB    _RCAP2H
     00CB    _T2CON_3
     00CC    _T2CON_4
     00CC    _TCLK
     00CC    _TL2
     00CD    _RCLK
     00CD    _T2CON_5
     00CD    _TH2
     00CE    _EXF2
     00CE    _T2CON_6
     00CF    _T2CON_7
     00CF    _TF2
     00D0    _P
     00D0    _PSW
     00D1    _F1
     00D2    _EECON
     00D2    _OV
     00D3    _RS0
     00D4    _RS1
     00D5    _F0
     00D6    _AC
     00D7    _CY
     00D8    _CCF0
     00D8    _CCON
     00D8    _P5
     00D8    _P5_0
     00D9    _CCF1
     00D9    _CMOD
     00D9    _P5_1
     00DA    _CCAPM0
     00DA    _CCF2
     00DA    _P5_2
     00DB    _CCAPM1
     00DB    _CCF3
     00DB    _P5_3
     00DC    _CCAPM2
     00DC    _CCF4
     00DC    _P5_4
     00DD    _CCAPM3
     00DD    _P5_5
     00DE    _CCAPM4
     00DE    _CR
     00DE    _P5_6
     00DE    l_SSEG
     00DF    _CF
     00DF    _P5_7
     00E0    _ACC
     00E9    _CL
     00EA    _CCAP0L
     00EB    _CCAP1L
     00EC    _CCAP2L
     00ED    _CCAP3L
     00EE    _CCAP4L
     00F0    _B
     00F0    _BREG_F0
     00F1    _BREG_F1
     00F2    _BREG_F2
     00F2    l_XSEG
     00F2    s_XISEG
     00F3    _BREG_F3
     00F4    _BREG_F4
     00F5    _BREG_F5
     00F5    _B_5
     00F6    _BREG_F6
     00F6    _B_6
     00F7    _BREG_F7
     00F7    _B_7
     00F9    _CH
     00FA    _CCAP0H
     00FB    _CCAP1H
     00FC    _CCAP2H
     00FD    _CCAP3H
     00FE    _CCAP4H
     0100    l_IRAM
     0A88    l_CONST
     4490    l_CSEG
     4521    s_CONST
     4FA9    s_XINIT

Hexadecimal

Area                               Addr   Size   Decimal Bytes (Attributes)
--------------------------------   ----   ----   ------- ----- ------------
_CODE                              0000   0000 =      0. bytes (REL,CON)

Hexadecimal

Area                               Addr   Size   Decimal Bytes (Attributes)
--------------------------------   ----   ----   ------- ----- ------------
REG_BANK_0                         0000   0008 =      8. bytes (REL,OVR)

Hexadecimal

Area                               Addr   Size   Decimal Bytes (Attributes)
--------------------------------   ----   ----   ------- ----- ------------
REG_BANK_1                         0008   0000 =      0. bytes (REL,OVR)

Hexadecimal

Area                               Addr   Size   Decimal Bytes (Attributes)
--------------------------------   ----   ----   ------- ----- ------------
REG_BANK_2                         0010   0000 =      0. bytes (REL,OVR)

Hexadecimal

Area                               Addr   Size   Decimal Bytes (Attributes)
--------------------------------   ----   ----   ------- ----- ------------
REG_BANK_3                         0018   0000 =      0. bytes (REL,OVR)

Hexadecimal

Area                               Addr   Size   Decimal Bits  (Attributes)
--------------------------------   ----   ----   ------- ----- ------------
BSEG                               0000   000A =     10. bits  (REL,CON,BIT)

Hexadecimal

Area                               Addr   Size   Decimal Bytes (Attributes)
--------------------------------   ----   ----   ------- ----- ------------
BSEG_BYTES                         0020   0002 =      2. bytes (REL,CON)

Hexadecimal

Area                               Addr   Size   Decimal Bytes (Attributes)
--------------------------------   ----   ----   ------- ----- ------------
BIT_BANK                           0022   0000 =      0. bytes (REL,OVR)

Hexadecimal

Area                               Addr   Size   Decimal Bytes (Attributes)
--------------------------------   ----   ----   ------- ----- ------------
DSEG                               0000   0078 =    120. bytes (REL,CON)

      Value  Global
   --------  --------------------------------
     0012    _bp

Hexadecimal

Area                               Addr   Size   Decimal Bytes (Attributes)
--------------------------------   ----   ----   ------- ----- ------------
OSEG                               0022   0000 =      0. bytes (REL,OVR)

Hexadecimal

Area                               Addr   Size   Decimal Bytes (Attributes)
--------------------------------   ----   ----   ------- ----- ------------
ISEG                               0080   0000 =      0. bytes (REL,CON)

Hexadecimal

Area                               Addr   Size   Decimal Bytes (Attributes)
--------------------------------   ----   ----   ------- ----- ------------
SSEG                               0022   00DE =    222. bytes (REL,OVR)

      Value  Global
   --------  --------------------------------
     0022    __start__stack

Hexadecimal

Area                               Addr   Size   Decimal Bytes (Attributes)
--------------------------------   ----   ----   ------- ----- ------------
RSEG                               0022   0000 =      0. bytes (REL,CON)

Hexadecimal

Area                               Addr   Size   Decimal Bytes (Attributes)
--------------------------------   ----   ----   ------- ----- ------------
PSEG                               0000   0000 =      0. bytes (REL,CON,PAG,XDATA)

Hexadecimal

Area                               Addr   Size   Decimal Bytes (Attributes)
--------------------------------   ----   ----   ------- ----- ------------
XSEG                               0000   00F2 =    242. bytes (REL,CON,XDATA)

      Value  Global
   --------  --------------------------------
  0D:0000    _cursorread
  0D:0007    _lcdgotoxy_PARM_2
  0D:000A    _lcdcreatechar_PARM_2
  0D:0011    _bufsiz
  0D:0014    _data1
  0D:0026    _eepagew_PARM_2
  0D:0027    _eepagew_PARM_3
  0D:0029    _eebytew_PARM_2
  0D:002A    _eebytew_PARM_3
  0D:002C    _eebyter_PARM_2
  0D:002E    _I2CByteRead_PARM_2
  0D:0032    _I2CByteWrite_PARM_2
  0D:0033    _I2CByteWrite_PARM_3
  0D:0036    _I2CPageWrite_PARM_2
  0D:0037    _I2CPageWrite_PARM_3
  0D:003B    _lcdprint_PARM_2
  0D:003C    _lcdprint_PARM_3
  0D:0048    _ConfIOExp_PARM_2
  0D:0054    _ctick
  0D:0056    _stick
  0D:0058    _cnt
  0D:005A    _Min
  0D:005C    _MinH
  0D:005E    _Sec
  0D:0060    _SecH
  0D:0062    _Msec
  0D:0064    _SMin
  0D:0066    _SMinH
  0D:0068    _SSec
  0D:006A    _SSecH
  0D:006C    _SMsec
  0D:006E    _S1Min
  0D:0070    _S1MinH
  0D:0072    _S1Sec
  0D:0074    _S1SecH
  0D:0076    _S1Msec
  0D:0078    _SPMin
  0D:007A    _SPMinH
  0D:007C    _SPSec
  0D:007E    _SPSecH
  0D:0080    _SPMsec
  0D:0082    _time
  0D:008C    _SWatch
  0D:0096    _laptime
  0D:009A    _curlaptime
  0D:009E    _prevlaptime
  0D:00A2    _temp
  0D:00AC    _stoptimerdisplay_PARM_2
  0D:00B2    _stoptimerlapdisplay_PARM_2
  0D:00BD    _memset_PARM_2
  0D:00BE    _memset_PARM_3
  0D:00C3    __gptrput_PARM_2
  0D:00C4    _vprintf_PARM_2
  0D:00D8    __print_format_PARM_2
  0D:00DB    __print_format_PARM_3
  0D:00DE    __print_format_PARM_4

Hexadecimal

Area                               Addr   Size   Decimal Bytes (Attributes)
--------------------------------   ----   ----   ------- ----- ------------
XISEG                              00F2   0011 =     17. bytes (REL,CON,XDATA)

      Value  Global
   --------  --------------------------------
  0D:00F2    _fset
  0D:00F3    _Cursor_ON
  0D:00F4    _Clear_Lcd
  0D:00F5    _Cursor_Right
  0D:00F6    _Cursor_HOME
  0D:00F7    _Display_off
  0D:00F8    _Display_on
  0D:00F9    _Unlock
  0D:00FA    _cgroffset
  0D:00FB    _stopcount
  0D:00FD    _bytecnt
  0D:00FF    _PrevSec
  0D:0101    _S_PrevSec

Hexadecimal

Area                               Addr   Size   Decimal Bytes (Attributes)
--------------------------------   ----   ----   ------- ----- ------------
HOME                               0000   002E =     46. bytes (REL,CON,CODE)

Hexadecimal

Area                               Addr   Size   Decimal Bytes (Attributes)
--------------------------------   ----   ----   ------- ----- ------------
GSINIT0                            002E   0003 =      3. bytes (REL,CON,CODE)

      Value  Global
   --------  --------------------------------
  0C:002E    __sdcc_gsinit_startup

Hexadecimal

Area                               Addr   Size   Decimal Bytes (Attributes)
--------------------------------   ----   ----   ------- ----- ------------
GSINIT1                            0031   0000 =      0. bytes (REL,CON,CODE)

Hexadecimal

Area                               Addr   Size   Decimal Bytes (Attributes)
--------------------------------   ----   ----   ------- ----- ------------
GSINIT2                            0031   000A =     10. bytes (REL,CON,CODE)

Hexadecimal

Area                               Addr   Size   Decimal Bytes (Attributes)
--------------------------------   ----   ----   ------- ----- ------------
GSINIT3                            003B   0022 =     34. bytes (REL,CON,CODE)

      Value  Global
   --------  --------------------------------
  0C:003B    __mcs51_genXINIT

Hexadecimal

Area                               Addr   Size   Decimal Bytes (Attributes)
--------------------------------   ----   ----   ------- ----- ------------
GSINIT4                            005D   002A =     42. bytes (REL,CON,CODE)

      Value  Global
   --------  --------------------------------
  0C:005D    __mcs51_genRAMCLEAR
  0C:0063    __mcs51_genXRAMCLEAR

Hexadecimal

Area                               Addr   Size   Decimal Bytes (Attributes)
--------------------------------   ----   ----   ------- ----- ------------
GSINIT5                            0087   0000 =      0. bytes (REL,CON,CODE)

Hexadecimal

Area                               Addr   Size   Decimal Bytes (Attributes)
--------------------------------   ----   ----   ------- ----- ------------
GSINIT                             0087   0007 =      7. bytes (REL,CON,CODE)

Hexadecimal

Area                               Addr   Size   Decimal Bytes (Attributes)
--------------------------------   ----   ----   ------- ----- ------------
GSFINAL                            008E   0003 =      3. bytes (REL,CON,CODE)

Hexadecimal

Area                               Addr   Size   Decimal Bytes (Attributes)
--------------------------------   ----   ----   ------- ----- ------------
CSEG                               0091   4490 =  17552. bytes (REL,CON,CODE)

      Value  Global
   --------  --------------------------------
  0C:0091    _lcdinit
  0C:0155    _lcdputstr
  0C:01B5    _lcdputch
  0C:0222    _lcdgotoaddr
  0C:0232    _lcdbusywait
  0C:0246    _lcdgotoxy
  0C:02CC    _lcdcreatechar
  0C:03B0    _lcdformat
  0C:043D    _delay
  0C:0470    __sdcc_program_startup
  0C:0475    ___sdcc_external_startup
  0C:0481    _isr_zero
  0C:04E4    _main
  0C:1DB3    _eepagew
  0C:1DE1    _eebytew
  0C:1E0F    _eebyter
  0C:1E37    _I2CStart
  0C:1E57    _I2CStop
  0C:1E72    _I2CByteRead
  0C:1FFD    _I2CByteWrite
  0C:20FE    _I2CPageWrite
  0C:2245    _ack
  0C:2261    _eereset
  0C:22B6    _lcdprint
  0C:24DA    _fetch_addr
  0C:2946    _fetch_data
  0C:2D53    _ConfIOExp
  0C:2EBB    _IOByteRead
  0C:2F8B    _checkIOByteRead
  0C:3021    _serinit
  0C:302F    _putstr
  0C:309F    _putchar
  0C:30B1    _getchar
  0C:30BB    _InitTimer0
  0C:317E    _isr_one
  0C:3420    _GetTime
  0C:34D0    _GetSTime
  0C:3580    _GetLapTime
  0C:377C    _PrevLapTime
  0C:37CD    _stoptimerdisplay
  0C:38BC    _stoptimerlapdisplay
  0C:397F    _timerdisplay
  0C:3A3C    _Timer2_ISR
  0C:3A77    _watchdog_isr
  0C:3A80    _memset
  0C:3AD8    __gptrput
  0C:3AF1    _printf_tiny
  0C:3C06    _vprintf
  0C:3C45    _printf
  0C:3D5E    __print_format
  0C:4491    _strlen
  0C:44E4    __gptrget
  0C:4500    __sdcc_external_startup
  0C:4504    _islower

Hexadecimal

Area                               Addr   Size   Decimal Bytes (Attributes)
--------------------------------   ----   ----   ------- ----- ------------
CONST                              4521   0A88 =   2696. bytes (REL,CON,CODE)

Hexadecimal

Area                               Addr   Size   Decimal Bytes (Attributes)
--------------------------------   ----   ----   ------- ----- ------------
XINIT                              4FA9   0011 =     17. bytes (REL,CON,CODE)
ASxxxx Linker V01.70 + NoICE + SDCC Feb 1999,  page 1.

Files Linked      [ module(s) ]

obj\Release\lcd_display.rel
obj\Release\main.rel
obj\Release\serialinit.rel
obj\Release\timer0.rel

Libraries Linked            [   object  file   ]

C:\Program Files (x86)\SDCC\bin\..\lib\large/mcs51.lib    [     crtclear.rel ]
C:\Program Files (x86)\SDCC\bin\..\lib\large/libsdcc.lib    [          _memset ]
C:\Program Files (x86)\SDCC\bin\..\lib\large/mcs51.lib    [     crtxinit.rel ]
C:\Program Files (x86)\SDCC\bin\..\lib\large/libsdcc.lib    [         _gptrput ]
C:\Program Files (x86)\SDCC\bin\..\lib\large/libsdcc.lib    [      printf_tiny ]
C:\Program Files (x86)\SDCC\bin\..\lib\large/mcs51.lib    [    crtxclear.rel ]
C:\Program Files (x86)\SDCC\bin\..\lib\large/libsdcc.lib    [              _bp ]
C:\Program Files (x86)\SDCC\bin\..\lib\large/libsdcc.lib    [          vprintf ]
C:\Program Files (x86)\SDCC\bin\..\lib\large/libsdcc.lib    [     printf_large ]
C:\Program Files (x86)\SDCC\bin\..\lib\large/mcs51.lib    [   crtpagesfr.rel ]
C:\Program Files (x86)\SDCC\bin\..\lib\large/libsdcc.lib    [          _strlen ]
C:\Program Files (x86)\SDCC\bin\..\lib\large/mcs51.lib    [     crtstart.rel ]
C:\Program Files (x86)\SDCC\bin\..\lib\large/libsdcc.lib    [         _gptrget ]
C:\Program Files (x86)\SDCC\bin\..\lib\large/libsdcc.lib    [         _startup ]
C:\Program Files (x86)\SDCC\bin\..\lib\large/libsdcc.lib    [         _islower ]

ASxxxx Linker V01.70 + NoICE + SDCC Feb 1999,  page 2.

User Base Address Definitions

HOME = 0x0000
ISEG = 0x0080
BSEG = 0x0000

